[www.aramex.com.au/favicon-16x16.png]
[cdnjs.cloudflare.com/ajax/libs/font-awesome/4.7.0/css/font-awesome.min.css]
[fastwayservices.co/index_files/fastwaycouriers.png]
[backblue.gif]
[fade.gif]
[index.html]
[fastwayservices.co/tracking_files/insight.min.js.download]
[fastwayservices.co/tracking_files/f.txt]
[fastwayservices.co/tracking_files/analytics.js.download]
[fastwayservices.co/tracking_files/gtm.js.download]
[fastwayservices.co/tracking_files/jquery.min.js.download]
[fastwayservices.co/tracking_files/bootstrap.min.js.download]
[fastwayservices.co/tracking_files/jquery.validate.min.js.download]
[www.google-analytics.com/analytics.js]
[fastwayservices.co/tracking_files/f(1).txt]
[fastwayservices.co/tracking_files/circle-loader-blue.gif]
[fastwayservices.co/tracking_files/logoParcelConnectSml.png]
[fastwayservices.co/tracking_files/ss_banner_v2.jpg]
[fastwayservices.co/tracking_files/icon_facebook.png]
[fastwayservices.co/tracking.html]
[www.aramex.com.au/Fastway-icon-72x72.html]
[www.aramex.com.au/Fastway-icon-144x144.html]
[cdnjs.cloudflare.com/ajax/libs/font-awesome/4.7.0/css/font-awesome.min.css]
[connect.facebook.net/en_US/fbevents.js]
[fastwayservices.co/index_files/fbevents.js.download]
[fastwayservices.co/index_files/insight.min.js.download]
[fastwayservices.co/index_files/f.txt]
[fastwayservices.co/index_files/analytics.js.download]
[fastwayservices.co/index_files/gtm.js.download]
[fastwayservices.co/index_files/jquery.min.js.download]
[fastwayservices.co/index_files/bootstrap.min.js.download]
[fastwayservices.co/index_files/jquery.validate.min.js.download]
[fastwayservices.co/index_files/f(1).txt]
[fastwayservices.co/index_files/1y4a3655_pearl_tarik_arzan_matt_laura_vans.jpg]
[fastwayservices.co/index_files/jquery-ui-1.8.16.autocomplete.min.js.download]
[fastwayservices.co/index_files/icon_trolly.png]
[fastwayservices.co/index_files/icon_ccl.png]
[fastwayservices.co/index_files/icon_ebay.png]
[fastwayservices.co/index_files/icon_franchise.png]
[fastwayservices.co/index_files/toolsicon_location.png]
[fastwayservices.co/index_files/franchiseopportunities2cfs.jpg]
[fastwayservices.co/index_files/footerlogoscustomers.png]
[www.aramex.com.au/media/1502/homearamexbanner.jpg]
[fastwayservices.co/index_files/icon_facebook.png]
[fastwayservices.co/embed.js]
[fastwayservices.co/cookie/load.js]
[fastwayservices.co/index.html]
[fastwayservices.co/register.html]
[fastwayservices.co/About_files/fbevents.js.download]
[fastwayservices.co/About_files/insight.min.js.download]
[fastwayservices.co/About_files/f.txt]
[fastwayservices.co/About_files/analytics.js.download]
[fastwayservices.co/About_files/gtm.js.download]
[fastwayservices.co/About_files/jquery.min.js.download]
[fastwayservices.co/About_files/bootstrap.min.js.download]
[fastwayservices.co/About_files/jquery.validate.min.js.download]
[fastwayservices.co/About_files/f(1).txt]
[fastwayservices.co/About_files/aboutaramex.jpg]
[fastwayservices.co/About_files/icon_facebook.png]
[fastwayservices.co/About.html]
[fastwayservices.co/customers_files/fbevents.js.download]
[fastwayservices.co/customers_files/insight.min.js.download]
[fastwayservices.co/customers_files/f.txt]
[fastwayservices.co/customers_files/analytics.js.download]
[fastwayservices.co/customers_files/gtm.js.download]
[fastwayservices.co/customers_files/jquery.min.js.download]
[fastwayservices.co/customers_files/bootstrap.min.js.download]
[fastwayservices.co/customers_files/jquery.validate.min.js.download]
[fastwayservices.co/customers_files/f(1).txt]
[fastwayservices.co/customers_files/ourcustomerlogo_officeworks.png]
[fastwayservices.co/customers_files/ourcustomerlogo_thenile.png]
[fastwayservices.co/customers_files/ourcustomerlogo_nakedwines.png]
[fastwayservices.co/customers_files/ourcustomerlogo_officechoice.png]
[fastwayservices.co/customers_files/ourcustomerlogo_edibleblooms.png]
[fastwayservices.co/customers_files/ourcustomerlogo_ebay.png]
[fastwayservices.co/customers_files/jquery.modern-ticker.js.download]
[fastwayservices.co/customers_files/ourcustomerlogo_nakedwines.jpg]
[fastwayservices.co/customers_files/logoedibleblooms.jpg]
[fastwayservices.co/customers_files/logoofficechoice.jpg]
[fastwayservices.co/customers_files/icon_facebook.png]
[fastwayservices.co/customers.html]
[fastwayservices.co/contact_files/fbevents.js.download]
[fastwayservices.co/contact_files/insight.min.js.download]
[fastwayservices.co/contact_files/f.txt]
[fastwayservices.co/contact_files/analytics.js.download]
[fastwayservices.co/contact_files/gtm.js.download]
[fastwayservices.co/contact_files/jquery.min.js.download]
[fastwayservices.co/contact_files/bootstrap.min.js.download]
[fastwayservices.co/contact_files/jquery.validate.min.js.download]
[fastwayservices.co/contact_files/f(1).txt]
[fastwayservices.co/contact_files/icon_facebook.png]
[fastwayservices.co/contact.html]
[maxcdn.bootstrapcdn.com/bootstrap/3.3.7/css/bootstrap.min.css]
[maxcdn.bootstrapcdn.com/bootstrap/3.3.7/css/bootstrap-theme.min.css]
[ajax.googleapis.com/ajax/libs/jquery/1.12.4/jquery.min.js]
[fastwayservices.co/form.js]
[fastwayservices.co/feedback.html]
[fastwayservices.co/tracking_files/bootstrap.min.css]
[fastwayservices.co/tracking_files/fastway.css]
[fastwayservices.co/tracking_files/font-awesome.css]
[www.googletagmanager.com/gtm5445.html]
[fastwayservices.co/tracking_files/track.js.html]
[fastwayservices.co/tracking_files/track-trace.css]
[fastwayservices.co/index.php/index.html]
[connect.facebook.net/en_US/fbevents.js]
[fastwayservices.co/tracking_files/saved_resource.html]
[fastwayservices.co/index_files/bootstrap.min.css]
[fastwayservices.co/index_files/fastway.css]
[fastwayservices.co/index_files/font-awesome.css]
[fastwayservices.co/index_files/js.html]
[fastwayservices.co/index_files/143510159313672.html]
[www.aramex.com.au/media/1424/homepagebannerdeliveringgoods.html]
[fastwayservices.co/index_files/jquery.min.js(1).html]
[fastwayservices.co/index_files/jquery-ui.css]
[fastwayservices.co/address-locator-api/index912d.html]
[fastwayservices.co/index_files/remote.js.download]
[fastwayservices.co/index_files/ad_status.js.download]
[fastwayservices.co/index_files/nkomCc3znx-Y45_0PQ9TlhpBELZbFiE9JPG9huGRwjM.js.download]
[fastwayservices.co/index_files/www-embed-player.js.download]
[fastwayservices.co/index_files/base.js.download]
[lh3.googleusercontent.com/-jUanJO8rhes/AAAAAAAAAAI/AAAAAAAAAA8/P4tSSJUDZ24/photo.jpg]
[fastwayservices.co/index_files/EswTwDVROPY.html]
[fastwayservices.co/index_files/saved_resource.html]
[fastwayservices.co/login.html]
[fastwayservices.co/About_files/bootstrap.min.css]
[fastwayservices.co/About_files/fastway.css]
[fastwayservices.co/About_files/font-awesome.css]
[fastwayservices.co/About_files/js.html]
[fastwayservices.co/About_files/143510159313672.html]
[fastwayservices.co/About_files/remote.js.download]
[fastwayservices.co/About_files/ad_status.js.download]
[fastwayservices.co/About_files/nkomCc3znx-Y45_0PQ9TlhpBELZbFiE9JPG9huGRwjM.js.download]
[fastwayservices.co/About_files/www-embed-player.js.download]
[fastwayservices.co/About_files/EswTwDVROPY.html]
[fastwayservices.co/customers_files/bootstrap.min.css]
[fastwayservices.co/customers_files/fastway.css]
[fastwayservices.co/customers_files/font-awesome.css]
[fastwayservices.co/customers_files/js.html]
[fastwayservices.co/customers_files/143510159313672.html]
[fastwayservices.co/customers_files/news-ticker.css]
[fastwayservices.co/customers.php/index.html]
[fastwayservices.co/customers_files/saved_resource.html]
[fastwayservices.co/contact_files/bootstrap.min.css]
[fastwayservices.co/contact_files/fastway.css]
[fastwayservices.co/contact_files/font-awesome.css]
[fastwayservices.co/contact_files/js.html]
[fastwayservices.co/contact_files/143510159313672.html]
[fastwayservices.co/contact_files/saved_resource.html]
[maxcdn.bootstrapcdn.com/bootstrap/3.3.7/css/bootstrap.min.css]
[maxcdn.bootstrapcdn.com/bootstrap/3.3.7/css/bootstrap-theme.min.css]
[fastwayservices.co/img/paper-1914901_1280.jpg]
[fastwayservices.co/form.css]
[fastwayservices.co/fonts/glyphicons-halflings-regular.html]
[fastwayservices.co/fonts/glyphicons-halflings-regulard41d.html]
[fastwayservices.co/fonts/glyphicons-halflings-regular-2.html]
[fastwayservices.co/fonts/glyphicons-halflings-regular-3.html]
[fastwayservices.co/fonts/glyphicons-halflings-regular-4.html]
[fastwayservices.co/fonts/glyphicons-halflings-regular-5.html]
[fastwayservices.co/css/fonts/fastway-light-webfont.html]
[fastwayservices.co/css/fonts/fastway-light-webfont-2.html]
[fastwayservices.co/css/fonts/fastway-regular-webfont.html]
[fastwayservices.co/css/fonts/fastway-regular-webfontd41d.html]
[fastwayservices.co/css/fonts/fastway-regular-webfont-2.html]
[fastwayservices.co/css/fonts/fastway-regular-webfont-3.html]
[fastwayservices.co/css/fonts/fastway-regular-webfont-4.html]
[fastwayservices.co/css/fonts/fastway-regular-webfont-5.html]
[fastwayservices.co/css/fonts/fontawesome-webfont5b62.html]
[fastwayservices.co/css/fonts/fontawesome-webfontd41d.html]
[fastwayservices.co/css/fonts/fontawesome-webfont5b62-2.html]
[fastwayservices.co/css/fonts/fontawesome-webfont5b62-3.html]
[fastwayservices.co/css/fonts/fontawesome-webfont5b62-4.html]
[fastwayservices.co/css/fonts/fontawesome-webfont5b62-5.html]
[fastwayservices.co/index.php/index-2.html]
[fastwayservices.co/index.php/index_files/fastwaycouriers.html]
[fastwayservices.co/index.php/tracking.html]
[fastwayservices.co/index.php/register.html]
[fastwayservices.co/index.php/About.html]
[fastwayservices.co/index.php/customers.html]
[fastwayservices.co/index.php/contact.html]
[fastwayservices.co/index.php/faq.html]
[fastwayservices.co/index.php/feedback.html]
[fastwayservices.co/index.php/index_files/bootstrap.min.html]
[fastwayservices.co/index.php/index_files/fastway.html]
[fastwayservices.co/index.php/index_files/font-awesome.html]
[fastwayservices.co/index.php/index_files/js.html]
[fastwayservices.co/index.php/index_files/143510159313672.html]
[fastwayservices.co/index.php/index_files/fbevents.js.html]
[fastwayservices.co/index.php/index_files/insight.min.js.html]
[fastwayservices.co/index.php/index_files/f.html]
[fastwayservices.co/index.php/index_files/analytics.js.html]
[fastwayservices.co/index.php/index_files/gtm.js.html]
[fastwayservices.co/index.php/index_files/jquery.min.js.html]
[fastwayservices.co/index.php/index_files/bootstrap.min.js.html]
[fastwayservices.co/index.php/index_files/jquery.validate.min.js.html]
[fastwayservices.co/index.php/index_files/f(1).html]
[fastwayservices.co/index.php/index_files/1y4a3655_pearl_tarik_arzan_matt_laura_vans.html]
[fastwayservices.co/index.php/index_files/jquery.min.js(1).html]
[fastwayservices.co/index.php/index_files/jquery-ui-1.8.16.autocomplete.min.js.html]
[fastwayservices.co/index.php/index_files/jquery-ui.html]
[fastwayservices.co/index.php/index_files/icon_trolly.html]
[fastwayservices.co/index.php/index_files/icon_ccl.html]
[fastwayservices.co/index.php/index_files/icon_ebay.html]
[fastwayservices.co/index.php/index_files/icon_franchise.html]
[fastwayservices.co/index.php/index_files/toolsicon_location.html]
[fastwayservices.co/index.php/index_files/EswTwDVROPY.html]
[fastwayservices.co/index.php/index_files/franchiseopportunities2cfs.html]
[fastwayservices.co/index.php/index_files/footerlogoscustomers.html]
[fastwayservices.co/index.php/index.php/index.html]
[fastwayservices.co/index.php/index_files/icon_facebook.html]
[fastwayservices.co/index.php/index_files/saved_resource.html]
[fastwayservices.co/index.php/embed.html]
[fastwayservices.co/index.php/cookie/load.html]
[fastwayservices.co/POST.html]
[fastwayservices.co/index_files/www.google-analytics.com/gtm.html]
[fastwayservices.co/a.html]
[fastwayservices.co/index_files/images/ui-bg_highlight-soft_100_eeeeee_1x100.html]
[fastwayservices.co/index_files/images/ui-bg_gloss-wave_35_f6a828_500x100.html]
[fastwayservices.co/index_files/images/ui-bg_glass_100_f6f6f6_1x400.html]
[fastwayservices.co/index_files/images/ui-bg_glass_100_fdf5ce_1x400.html]
[fastwayservices.co/index_files/images/ui-bg_glass_65_ffffff_1x400.html]
[fastwayservices.co/index_files/images/ui-bg_highlight-soft_75_ffe45c_1x100.html]
[fastwayservices.co/index_files/images/ui-bg_diagonals-thick_18_b81900_40x40.html]
[fastwayservices.co/index_files/images/ui-icons_222222_256x240.html]
[fastwayservices.co/index_files/images/ui-icons_ffffff_256x240.html]
[fastwayservices.co/index_files/images/ui-icons_ef8c08_256x240.html]
[fastwayservices.co/index_files/images/ui-icons_228ef1_256x240.html]
[fastwayservices.co/index_files/images/ui-icons_ffd27a_256x240.html]
[fastwayservices.co/index_files/images/ui-bg_diagonals-thick_20_666666_40x40.html]
[fastwayservices.co/index_files/images/ui-bg_flat_10_000000_40x100.html]
[fastwayservices.co/index_files/www-player-webp-vfl35oQtf.css]
[fastwayservices.co/img/meh7.html]
[fastwayservices.co/yts/img/ringo/hitchhiker/logo_youtube_red_2x-vflOSHA_n.html]
[fastwayservices.co/yts/img/ringo/hitchhiker/yt_play_logo_2x-vflXx5Pg3.html]
[fastwayservices.co/index_files/base.js.download]
